
Discarded input sections

 .comment       0x0000000000000000       0x12 build/reset.o
 .comment       0x0000000000000000       0x12 build/main.o
 .comment       0x0000000000000000       0x12 build/io.o
 .comment       0x0000000000000000       0x12 build/system.o
 .comment       0x0000000000000000       0x12 build/strings.o
 .comment       0x0000000000000000       0x12 build/post.o
 .comment       0x0000000000000000       0x12 build/ivt.o
 .comment       0x0000000000000000       0x12 build/pic.o
 .comment       0x0000000000000000       0x12 build/pit.o
 .comment       0x0000000000000000       0x12 build/keyboard.o
 .comment       0x0000000000000000       0x12 build/video.o
 .comment       0x0000000000000000       0x12 build/floppy.o
 .comment       0x0000000000000000       0x12 build/serial.o
 .comment       0x0000000000000000       0x12 build/printer.o
 .comment       0x0000000000000000       0x12 build/rtc.o

Memory Configuration

Name             Origin             Length             Attributes
ROM              0x0000000000000000 0x0000000000008000 xr
*default*        0x0000000000000000 0xffffffffffffffff

Linker script and memory map

LOAD build/reset.o
LOAD build/main.o
LOAD build/io.o
LOAD build/system.o
LOAD build/strings.o
LOAD build/post.o
LOAD build/ivt.o
LOAD build/pic.o
LOAD build/pit.o
LOAD build/keyboard.o
LOAD build/video.o
LOAD build/floppy.o
LOAD build/serial.o
LOAD build/printer.o
LOAD build/rtc.o
                0x0000000000000000                . = ORIGIN (ROM)

.start          0x0000000000000000       0x14
 *(.start)
 .start         0x0000000000000000       0x14 build/reset.o
                0x0000000000000000                bios_reset_entry

.text           0x0000000000000014     0x34f2
 *(.text*)
 .text          0x0000000000000014        0x0 build/reset.o
 .text          0x0000000000000014       0x8a build/main.o
                0x0000000000000014                bios_install_bda_tables
                0x000000000000007d                bios_main
 .text          0x000000000000009e      0x29c build/io.o
                0x000000000000009e                bios_cmos_read
                0x00000000000000b4                bios_cmos_write
                0x00000000000000cf                bios_io_init_defaults
                0x0000000000000163                bios_io_read
                0x000000000000025d                bios_io_write
 .text          0x000000000000033a      0x1c0 build/system.o
                0x00000000000003bd                bios_default_display_mode_bits
                0x00000000000003ce                bios_default_text_mode
                0x00000000000003e2                bios_default_pc1640_video_mode
                0x000000000000041a                bios_build_status1
                0x0000000000000420                bios_build_status2
                0x0000000000000423                bios_build_video_switches
                0x0000000000000443                bios_build_equipment_word
                0x0000000000000451                bios_service_int11
                0x0000000000000465                bios_service_int12
                0x0000000000000479                bios_service_int15
                0x00000000000004b8                bios_boot_failure
                0x00000000000004c9                bios_nmi_handler
 .text          0x00000000000004fa       0x28 build/strings.o
                0x00000000000004fa                bios_lookup_rom_string
 .text          0x0000000000000522      0x135 build/post.o
                0x0000000000000522                bios_post_cold_boot
 .text          0x0000000000000657      0x630 build/ivt.o
                0x0000000000000657                bios_int1c_wrapper
                0x0000000000000658                bios_int11_wrapper
                0x00000000000006df                bios_int12_wrapper
                0x0000000000000766                bios_int10_wrapper
                0x00000000000007ed                bios_int13_wrapper
                0x0000000000000874                bios_int14_wrapper
                0x00000000000008fb                bios_int15_wrapper
                0x0000000000000982                bios_int16_wrapper
                0x0000000000000a09                bios_int17_wrapper
                0x0000000000000a90                bios_int1a_wrapper
                0x0000000000000b17                bios_nmi_wrapper
                0x0000000000000b2a                bios_irq0_wrapper
                0x0000000000000b3d                bios_irq1_wrapper
                0x0000000000000b50                bios_irq6_wrapper
                0x0000000000000b63                bios_irq7_wrapper
                0x0000000000000b76                bios_int18_wrapper
                0x0000000000000b89                bios_int19_wrapper
                0x0000000000000b9c                bios_install_vectors
 .text          0x0000000000000c87       0x5c build/pic.o
                0x0000000000000c87                bios_pic_init
                0x0000000000000ccd                bios_pic_ack_irq
 .text          0x0000000000000ce3       0x86 build/pit.o
                0x0000000000000ce3                bios_pit_init
                0x0000000000000d0c                bios_timer_tick
                0x0000000000000d52                bios_beep_ticks
 .text          0x0000000000000d69      0x401 build/keyboard.o
                0x0000000000000db7                bios_keyboard_init
                0x0000000000000de6                bios_keyboard_self_test
                0x0000000000000dea                bios_keyboard_irq1
                0x0000000000001090                bios_keyboard_wait_for_keypress
                0x00000000000010b0                bios_service_int16
 .text          0x000000000000116a     0x1436 build/video.o
                0x0000000000001b30                bios_video_putc
                0x0000000000001bb1                bios_video_puts
                0x0000000000001bcd                bios_video_put_hex8
                0x0000000000001bff                bios_video_put_hex16
                0x0000000000001c21                bios_video_init
                0x000000000000210e                bios_service_int10
 .text          0x00000000000025a0      0xa5c build/floppy.o
                0x0000000000002ab9                bios_floppy_init
                0x0000000000002acd                bios_floppy_irq6
                0x0000000000002af1                bios_service_int13
                0x0000000000002f08                bios_bootstrap_loader
 .text          0x0000000000002ffc      0x13c build/serial.o
                0x0000000000002ffc                bios_serial_init
                0x000000000000302e                bios_serial_debug_putc
                0x0000000000003057                bios_serial_debug_puts
                0x0000000000003081                bios_serial_debug_put_hex8
                0x00000000000030b3                bios_service_int14
 .text          0x0000000000003138       0x59 build/printer.o
                0x0000000000003138                bios_printer_init
                0x0000000000003144                bios_printer_irq7
                0x000000000000314e                bios_service_int17
 .text          0x0000000000003191      0x375 build/rtc.o
                0x0000000000003191                bios_rtc_init
                0x0000000000003255                bios_rtc_battery_ok
                0x0000000000003266                bios_service_int1a

.iplt           0x0000000000003506        0x0
 .iplt          0x0000000000003506        0x0 build/reset.o

.rodata         0x0000000000003506     0x15c3
 *(.rodata*)
 .rodata        0x0000000000003506       0x40 build/io.o
 .rodata.str1.1
                0x0000000000003546        0x0 build/system.o
                                          0x6 (size before relaxing)
 .rodata        0x0000000000003546       0x17 build/system.o
 *fill*         0x000000000000355d        0x1 
 .rodata        0x000000000000355e      0x72c build/strings.o
                0x000000000000355e                bios_str_amstrad_copyright
                0x0000000000003572                bios_str_en_vdu_ram
                0x000000000000357a                bios_str_en_memory_parity
                0x0000000000003590                bios_str_en_wait
                0x000000000000359c                bios_str_en_error_prefix
                0x00000000000035a2                bios_str_en_insert_system_disk
                0x00000000000035da                bios_str_en_check_keyboard_mouse
                0x00000000000035f3                bios_str_en_battery_warning
                0x000000000000360c                bios_rom_string_count
                0x000000000000360e                bios_rom_strings
 .rodata.str1.1
                0x0000000000003c8a      0x95c build/strings.o
                                        0x985 (size before relaxing)
 .rodata.str1.1
                0x00000000000045e6      0x100 build/post.o
                                        0x106 (size before relaxing)
 .rodata        0x00000000000046e6       0x20 build/ivt.o
 .rodata        0x0000000000004706      0x100 build/keyboard.o
 .rodata.str1.1
                0x0000000000004806      0x164 build/video.o
                                        0x174 (size before relaxing)
 .rodata        0x000000000000496a       0x39 build/video.o
 .rodata.str1.1
                0x00000000000049a3      0x10a build/floppy.o
                                        0x10f (size before relaxing)
 .rodata        0x0000000000004aad        0xb build/floppy.o
                0x0000000000004aad                bios_diskette_parameter_table
 .rodata        0x0000000000004ab8       0x11 build/serial.o

.data           0x0000000000004ac9        0x0
 *(.data*)
 .data          0x0000000000004ac9        0x0 build/reset.o
 .data          0x0000000000004ac9        0x0 build/main.o
 .data          0x0000000000004ac9        0x0 build/io.o
 .data          0x0000000000004ac9        0x0 build/system.o
 .data          0x0000000000004ac9        0x0 build/strings.o
 .data          0x0000000000004ac9        0x0 build/post.o
 .data          0x0000000000004ac9        0x0 build/ivt.o
 .data          0x0000000000004ac9        0x0 build/pic.o
 .data          0x0000000000004ac9        0x0 build/pit.o
 .data          0x0000000000004ac9        0x0 build/keyboard.o
 .data          0x0000000000004ac9        0x0 build/video.o
 .data          0x0000000000004ac9        0x0 build/floppy.o
 .data          0x0000000000004ac9        0x0 build/serial.o
 .data          0x0000000000004ac9        0x0 build/printer.o
 .data          0x0000000000004ac9        0x0 build/rtc.o

.got            0x0000000000004acc        0x0
 .got           0x0000000000004acc        0x0 build/reset.o

.got.plt        0x0000000000004acc        0x0
 .got.plt       0x0000000000004acc        0x0 build/reset.o

.igot.plt       0x0000000000004acc        0x0
 .igot.plt      0x0000000000004acc        0x0 build/reset.o

.msdos_mz_reloc.0
                0x0000000000004ac9       0x40
 .msdos_mz_reloc.0
                0x0000000000004ac9       0x40 build/ivt.o

.bss            0x0000000000004b09        0x0
 *(.bss*)
 .bss           0x0000000000004b09        0x0 build/reset.o
 .bss           0x0000000000004b09        0x0 build/main.o
 .bss           0x0000000000004b09        0x0 build/io.o
 .bss           0x0000000000004b09        0x0 build/system.o
 .bss           0x0000000000004b09        0x0 build/strings.o
 .bss           0x0000000000004b09        0x0 build/post.o
 .bss           0x0000000000004b09        0x0 build/ivt.o
 .bss           0x0000000000004b09        0x0 build/pic.o
 .bss           0x0000000000004b09        0x0 build/pit.o
 .bss           0x0000000000004b09        0x0 build/keyboard.o
 .bss           0x0000000000004b09        0x0 build/video.o
 .bss           0x0000000000004b09        0x0 build/floppy.o
 .bss           0x0000000000004b09        0x0 build/serial.o
 .bss           0x0000000000004b09        0x0 build/printer.o
 .bss           0x0000000000004b09        0x0 build/rtc.o
 *(COMMON)

.reset          0x0000000000007ff0       0x10
 *(.reset)
 .reset         0x0000000000007ff0       0x10 build/reset.o
                0x0000000000007ff0                bios_reset_vector

.rel.dyn        0x0000000000008000        0x0
 .rel.got       0x0000000000008000        0x0 build/reset.o
 .rel.iplt      0x0000000000008000        0x0 build/reset.o

/DISCARD/
 *(.note*)
 *(.comment*)
OUTPUT(build/bios.elf elf32-i386)
